// Jest Snapshot v1, https://goo.gl/fbAQLP

exports[`renders correctly 1`] = `
<button
  className="facebook-login-button"
  onClick={[Function]}
>
  Sign in with Facebook
</button>
`;
