// Jest Snapshot v1, https://goo.gl/fbAQLP

exports[`renders correctly 1`] = `
<button
  className="google-login-button"
  onClick={[Function]}
>
  <img
    alt="Google Icon"
    src="/images/google-icon.jpg"
  />
  Sign in with Google
</button>
`;
